parsing failed: expected integer value (span: 0..4, file: path)