parsing failed: expected `keyword1` (span: 17..17, file: path)