parsing failed: unexpected tokens (span: 8..21, file: path)