parsing failed: expected integer value (span: 0..3, file: path)