target=[
    000000FF, 000000FF, 000000FF, 000000FF, 000000FF, 000000FF, 000000FF, 000000FF, 000000FF, 000000FF, 
    000000FF, 000000FF, 000000FF, 000000FF, 000000FF, 000000FF, 000000FF, 000000FF, 000000FF, 000000FF, 
    000000FF, 000000FF, 000000FF, 000000FF, 000000FF, 000000FF, 000000FF, 000000FF, 000000FF, 000000FF, 
    000000FF, 000000FF, 000000FF, 000000FF, 000000FF, 000000FF, 000000FF, 000000FF, 000000FF, 000000FF, 
    000000FF, 000000FF, 000000FF, 000000FF, 000000FF, 000000FF, 000000FF, 000000FF, 000000FF, 000000FF, 
    000000FF, 000000FF, 000000FF, 000000FF, 000000FF, 000000FF, 000000FF, 000000FF, 000000FF, 000000FF, 
    000000FF, 000000FF, 000000FF, 000000FF, 000000FF, 000000FF, 000000FF, 000000FF, 000000FF, 000000FF, 
    000000FF, 000000FF, 000000FF, 000000FF, 000000FF, 000000FF, 000000FF, 000000FF, 000000FF, 000000FF, 
]
counter=[1, 0, 0, 0]
relative1=[2, 0, 0, 0]
relative2=[3, 0, 0, 0]