parsing failed: expected `choice1` or `choice2` (span: 0..0, file: path)