target=[
    000000FF, 000000FF, 000000FF, 000000FF, 000000FF, 000000FF, 000000FF, 000000FF, 000000FF, 000000FF, 
    000000FF, 000000FF, 000000FF, 000000FF, 000000FF, 000000FF, 000000FF, 000000FF, 000000FF, 000000FF, 
    000000FF, 000000FF, 000000FF, 000000FF, 000000FF, 000000FF, 000000FF, 000000FF, 000000FF, 000000FF, 
    000000FF, 000000FF, 000000FF, 000000FF, 000000FF, 000000FF, 000000FF, 000000FF, 000000FF, 000000FF, 
    000000FF, 000000FF, 000000FF, 000000FF, 000000FF, 000000FF, 000000FF, 000000FF, 000000FF, 000000FF, 
    000000FF, 000000FF, 000000FF, 000000FF, 000000FF, 000000FF, 000000FF, 000000FF, 000000FF, 000000FF, 
    000000FF, 000000FF, 000000FF, 000000FF, 000000FF, 000000FF, 000000FF, 000000FF, 000000FF, 000000FF, 
    000000FF, 000000FF, 000000FF, 000000FF, 000000FF, 000000FF, 000000FF, 000000FF, 000000FF, 000000FF, 
]
max_invocation_ids_x=[9, 0, 0, 0, 0, 0, 0, 0, 0, 0, 0, 0]
max_invocation_ids_xy=[9, 0, 0, 0, 14, 0, 0, 0, 0, 0, 0, 0]
max_invocation_ids_xyz=[9, 0, 0, 0, 14, 0, 0, 0, 19, 0, 0, 0]