target=[
    000000FF, 000000FF, 000000FF, 000000FF, 000000FF, 000000FF, 000000FF, 000000FF, 000000FF, 000000FF, 
    000000FF, 000000FF, 000000FF, 000000FF, 000000FF, 000000FF, 000000FF, 000000FF, 000000FF, 000000FF, 
    000000FF, 000000FF, 000000FF, 000000FF, 000000FF, 000000FF, 000000FF, 000000FF, 000000FF, 000000FF, 
    000000FF, 000000FF, 000000FF, 000000FF, 000000FF, 000000FF, 000000FF, 000000FF, 000000FF, 000000FF, 
    000000FF, 000000FF, 000000FF, 000000FF, 000000FF, 000000FF, 000000FF, 000000FF, 000000FF, 000000FF, 
    000000FF, 000000FF, 000000FF, 000000FF, 000000FF, 000000FF, 000000FF, 000000FF, 000000FF, 000000FF, 
    000000FF, 000000FF, 000000FF, 000000FF, 000000FF, 000000FF, 000000FF, 000000FF, 000000FF, 000000FF, 
    000000FF, 000000FF, 000000FF, 000000FF, 000000FF, 000000FF, 000000FF, 000000FF, 000000FF, 000000FF, 
]
instances=[0, 0, 0, 0, 0, 0, 0, 0]
vertices=[0, 0, 0, 0, 0, 0, 0, 0, 0, 0, 0, 0, 0, 0, 0, 0, 0, 0, 0, 0, 0, 0, 0, 0]