parsing failed: expected `keyword2` (span: 26..26, file: path)