parsing failed: expected integer value (span: 0..0, file: path)