target=[
    000000FF, 000000FF, 000000FF, 000000FF, 000000FF, 000000FF, 000000FF, 000000FF, 000000FF, 000000FF, 
    000000FF, 000000FF, 000000FF, 000000FF, 000000FF, 000000FF, 000000FF, 000000FF, 000000FF, 000000FF, 
    000000FF, 000000FF, 000000FF, 000000FF, 000000FF, 000000FF, 000000FF, 000000FF, 000000FF, 000000FF, 
    000000FF, 000000FF, 000000FF, 000000FF, 000000FF, 000000FF, 000000FF, 000000FF, 000000FF, 000000FF, 
    000000FF, 000000FF, 000000FF, 000000FF, 000000FF, 000000FF, 000000FF, 000000FF, 000000FF, 000000FF, 
    000000FF, 000000FF, 000000FF, 000000FF, 000000FF, 000000FF, 000000FF, 000000FF, 000000FF, 000000FF, 
    000000FF, 000000FF, 000000FF, 000000FF, 000000FF, 000000FF, 000000FF, 000000FF, 000000FF, 000000FF, 
    000000FF, 000000FF, 000000FF, 000000FF, 000000FF, 000000FF, 000000FF, 000000FF, 000000FF, 000000FF, 
]
instance=[0, 0, 0, 0]
is_toggle_enabled=[1, 0, 0, 0]
state=[0, 0, 0, 0]
std_.time.frame_index=[1, 0, 0, 0]
std_.surface=[10, 0, 0, 0, 8, 0, 0, 0]
toggle_state=[]
vertices=[0, 0, 0, 191, 0, 0, 0, 191, 0, 0, 0, 0, 0, 0, 0, 0, 0, 0, 0, 0, 0, 0, 0, 0, 0, 0, 128, 63, 0, 0, 0, 0, 0, 0, 0, 63, 0, 0, 0, 191, 0, 0, 0, 0, 0, 0, 0, 0, 0, 0, 0, 0, 0, 0, 0, 0, 0, 0, 128, 63, 0, 0, 0, 0, 0, 0, 0, 191, 0, 0, 0, 63, 0, 0, 0, 0, 0, 0, 0, 0, 0, 0, 0, 0, 0, 0, 0, 0, 0, 0, 128, 63, 0, 0, 0, 0, 0, 0, 0, 63, 0, 0, 0, 63, 0, 0, 0, 0, 0, 0, 0, 0, 0, 0, 0, 0, 0, 0, 0, 0, 0, 0, 128, 63, 0, 0, 0, 0, 0, 0, 0, 191, 0, 0, 0, 63, 0, 0, 0, 0, 0, 0, 0, 0, 0, 0, 0, 0, 0, 0, 0, 0, 0, 0, 128, 63, 0, 0, 0, 0, 0, 0, 0, 63, 0, 0, 0, 191, 0, 0, 0, 0, 0, 0, 0, 0, 0, 0, 0, 0, 0, 0, 0, 0, 0, 0, 128, 63, 0, 0, 0, 0]