parsing failed: unexpected tokens (span: 36..53, file: path)