parsing failed: expected `choice1`, `choice2` or `choice3` (span: 0..0, file: path)