target=[
    000000FF, 000000FF, 000000FF, 000000FF, 000000FF, 000000FF, 000000FF, 000000FF, 000000FF, 000000FF, 
    000000FF, 000000FF, 000000FF, 000000FF, FF00FFFF, FF00FFFF, FF00FFFF, FF00FFFF, FF00FFFF, 000000FF, 
    000000FF, 000000FF, 000000FF, 000000FF, FF00FFFF, FF00FFFF, FF00FFFF, FF00FFFF, FF00FFFF, 000000FF, 
    000000FF, FFFFFFFF, FFFFFFFF, FFFFFFFF, FF00FFFF, FF00FFFF, FF00FFFF, FF00FFFF, FF00FFFF, 000000FF, 
    000000FF, FFFFFFFF, FFFFFFFF, FFFFFFFF, FF00FFFF, FF00FFFF, FF00FFFF, FF00FFFF, FF00FFFF, 000000FF, 
    000000FF, FFFFFFFF, FFFFFFFF, FFFFFFFF, FFFFFFFF, FFFFFFFF, 000000FF, 000000FF, 000000FF, 000000FF, 
    000000FF, FFFFFFFF, FFFFFFFF, FFFFFFFF, FFFFFFFF, FFFFFFFF, 000000FF, 000000FF, 000000FF, 000000FF, 
    000000FF, 000000FF, 000000FF, 000000FF, 000000FF, 000000FF, 000000FF, 000000FF, 000000FF, 000000FF, 
]
buffer=[20, 0, 0, 0]
instance1=[0, 0, 128, 190, 0, 0, 128, 190, 0, 0, 0, 0, 0, 0, 0, 0, 0, 0, 128, 63, 0, 0, 128, 63, 0, 0, 128, 63, 0, 0, 128, 63]
instance2=[0, 0, 128, 62, 0, 0, 128, 62, 0, 0, 0, 0, 0, 0, 0, 0, 0, 0, 128, 63, 0, 0, 0, 0, 0, 0, 128, 63, 0, 0, 128, 63]
mode0=[0, 0, 0, 0]
mode1=[1, 0, 0, 0]
modes=[1, 0, 0, 0, 1, 0, 0, 0, 1, 0, 0, 0, 1, 0, 0, 0, 1, 0, 0, 0, 1, 0, 0, 0, 1, 0, 0, 0, 1, 0, 0, 0, 1, 0, 0, 0, 1, 0, 0, 0, 1, 0, 0, 0, 1, 0, 0, 0, 1, 0, 0, 0, 1, 0, 0, 0, 1, 0, 0, 0, 1, 0, 0, 0, 1, 0, 0, 0, 1, 0, 0, 0, 1, 0, 0, 0, 1, 0, 0, 0, 1, 0, 0, 0, 1, 0, 0, 0, 1, 0, 0, 0, 1, 0, 0, 0, 1, 0, 0, 0, 1, 0, 0, 0, 1, 0, 0, 0, 1, 0, 0, 0, 1, 0, 0, 0, 1, 0, 0, 0, 1, 0, 0, 0, 1, 0, 0, 0, 1, 0, 0, 0, 1, 0, 0, 0, 1, 0, 0, 0, 1, 0, 0, 0, 1, 0, 0, 0, 1, 0, 0, 0, 1, 0, 0, 0, 1, 0, 0, 0, 1, 0, 0, 0, 1, 0, 0, 0, 1, 0, 0, 0, 1, 0, 0, 0, 1, 0, 0, 0, 1, 0, 0, 0, 1, 0, 0, 0, 1, 0, 0, 0, 1, 0, 0, 0, 1, 0, 0, 0, 1, 0, 0, 0, 1, 0, 0, 0, 1, 0, 0, 0, 1, 0, 0, 0, 1, 0, 0, 0, 1, 0, 0, 0, 1, 0, 0, 0, 1, 0, 0, 0, 1, 0, 0, 0, 1, 0, 0, 0, 1, 0, 0, 0, 1, 0, 0, 0, 1, 0, 0, 0, 1, 0, 0, 0, 0, 0, 0, 0, 1, 0, 0, 0]
vertices=[0, 0, 128, 191, 0, 0, 128, 191, 0, 0, 128, 191, 0, 0, 128, 63, 0, 0, 128, 63, 0, 0, 128, 191, 0, 0, 128, 63, 0, 0, 128, 63, 0, 0, 128, 63, 0, 0, 128, 191, 0, 0, 128, 191, 0, 0, 128, 63]