parsing failed: expected `keyword` (span: 0..0, file: path)